// Jest Snapshot v1, https://goo.gl/fbAQLP

exports[`Set pruebas componente Button debe renderizar el componente correctamente 1`] = `
<View
  accessible={true}
  collapsable={false}
  focusable={true}
  onClick={[Function]}
  onResponderGrant={[Function]}
  onResponderMove={[Function]}
  onResponderRelease={[Function]}
  onResponderTerminate={[Function]}
  onResponderTerminationRequest={[Function]}
  onStartShouldSetResponder={[Function]}
  style={
    {
      "backgroundColor": "#FFD233",
      "borderRadius": 24,
      "marginVertical": 10,
      "opacity": 1,
      "padding": 10,
      "width": 200,
    }
  }
>
  <View>
    <Text
      style={
        {
          "alignSelf": "center",
          "fontSize": 18,
          "fontWeight": "bold",
        }
      }
    >
      Ok
    </Text>
  </View>
</View>
`;
